C51 COMPILER V9.54   MAIN                                                                  06/04/2023 03:04:07 PAGE 1   


C51 COMPILER V9.54, COMPILATION OF MODULE MAIN
OBJECT MODULE PLACED IN .\Objects\main.obj
COMPILER INVOKED BY: d:\Keil_v5\C51\BIN\C51.EXE main.c OPTIMIZE(8,SPEED) BROWSE DEBUG OBJECTEXTEND PRINT(.\Listings\main
                    -.lst) TABS(2) OBJECT(.\Objects\main.obj)

line level    source

   1          #include <REGX52.h>
   2          
   3          void Delay(unsigned int time_ms);
   4          
   5          int main(void){
   6   1        unsigned int led_num = 0;
   7   1        P2 = ~0x01;
   8   1        while(1){
   9   2          if(P3_1 == 0){
  10   3            Delay(20);
  11   3            while(P3_1 == 0);
  12   3            Delay(20);
  13   3            
  14   3            led_num++;
  15   3            if(led_num >= 8)
  16   3              led_num = 0;
  17   3            P2 = ~(0x01<<led_num);
  18   3          }
  19   2          if(P3_0 == 0){
  20   3            Delay(20);
  21   3            while(P3_0 == 0);
  22   3            Delay(20);
  23   3            
  24   3            if(led_num == 0)
  25   3              led_num = 7;
  26   3            else
  27   3              led_num--;
  28   3            P2 = ~(0x01<<led_num);
  29   3          }
  30   2        }
  31   1      }
  32          
  33          void Delay(unsigned int time_ms){   //@12.000MHz
  34   1        unsigned char i, j;
  35   1        while(time_ms--){
  36   2          i = 2;
  37   2          j = 239;
  38   2          do{
  39   3            while (--j);
  40   3          } while (--i);
  41   2        }
  42   1      }


MODULE INFORMATION:   STATIC OVERLAYABLE
   CODE SIZE        =    134    ----
   CONSTANT SIZE    =   ----    ----
   XDATA SIZE       =   ----    ----
   PDATA SIZE       =   ----    ----
   DATA SIZE        =   ----       2
   IDATA SIZE       =   ----    ----
   BIT SIZE         =   ----    ----
END OF MODULE INFORMATION.


C51 COMPILATION COMPLETE.  0 WARNING(S),  0 ERROR(S)
